// Jest Snapshot v1, https://goo.gl/fbAQLP

exports[`Componente da tabela de animais Quando a tabela é renderizada a linha da tabela deverá receber e exibir os atributos corretamente 1`] = `
<table
  cellspacing="0"
  class="table"
  data-testid="animals-table"
>
  <thead>
    <th>
      Data de nascimento
    </th>
    <th>
      Nome
    </th>
    <th>
      Tipo
    </th>
    <th>
      Peso
    </th>
    <th>
      Alterar
    </th>
    <th>
      Excluir
    </th>
  </thead>
  <tbody>
    <tr>
      Nenhum projeto encontrado
    </tr>
  </tbody>
</table>
`;
